// Jest Snapshot v1, https://goo.gl/fbAQLP

exports[`FunctionalButtons tests Snapshots should render correctly 1`] = `
<div
  className="optional"
>
  <div
    key="0"
  >
    <Button
      btnkey="80"
      class="tobeclicked"
      shape="circle"
      size="small"
      style={
        Object {
          "background": "rgb(29 201 22)",
          "border": "0.5px solid black",
          "boxShadow": "rgb(174 221 29) 0px 0px 2px 2px inset",
          "visibility": "unset",
        }
      }
    />
    <span>
      Pause(P)
    </span>
  </div>
  <div
    key="1"
  >
    <Button
      btnkey="83"
      class="tobeclicked"
      shape="circle"
      size="small"
      style={
        Object {
          "background": "#98c317",
          "border": "0.5px solid black",
          "boxShadow": "rgb(148 237 4) 0px 0px 2px 2px inset",
          "visibility": "unset",
        }
      }
    />
    <span>
      Sound(S)
    </span>
  </div>
  <div
    key="2"
  >
    <Button
      btnkey="82"
      class="tobeclicked"
      shape="circle"
      size="small"
      style={
        Object {
          "background": "#d70003",
          "border": "0.5px solid black",
          "boxShadow": "rgb(253 52 52) 0px 0px 2px 2px inset",
          "visibility": "unset",
        }
      }
    />
    <span>
      Reset(R)
    </span>
  </div>
  <div
    key="3"
  >
    <Button
      btnkey="32"
      class="tobeclicked"
      shape="circle"
      style={
        Object {
          "border": "1px solid #000",
          "borderColor": "transparent",
          "boxShadow": "0px 0px 2px 1px rgb(255 255 255 / 60%) inset",
          "height": "80px",
          "visibility": "unset",
          "width": "80px",
        }
      }
    />
    <span>
      Drop(SPACE)
    </span>
  </div>
</div>
`;
