// Jest Snapshot v1, https://goo.gl/fbAQLP

exports[`TetrisScoreBoard tests Snapshots should render correctly 1`] = `
<div
  className="scoreboard"
>
  <div>
    Points
    <span
      id="points"
    >
      0
    </span>
  </div>
  <div>
    Cleans
    <span
      id="cleans"
    >
      0
    </span>
  </div>
  <div>
    Level
    <span
      id="level"
    >
      0
    </span>
  </div>
  <div>
    Next
  </div>
  <canvas
    height="80px"
    id="next"
    width="80px"
  />
</div>
`;
